データベース内のデータの整合性、一貫性、信頼性を画するためにテーブルのカラムには制約を付けることができる。以下のテーブル定義でその例を示す。
```
mysql> create table user_information (
    ->     id int auto_increment primary key, -- 自動的に連番を振る。主キー。
    ->     name varchar(20) not null, -- null不可。
    ->     email varchar(50) unique, -- 値が一意。
    ->     age int check (age >= 0) not null, -- 0歳以上
    ->     account_type enum("basic", "premium") default "basic", -- デフォルトは"basic"
    ->     constraint check_premium_age check(account_type = "premium" or age >= 18), -- 複数カラムにわたる制約も可能
    ->     check(email like "%@%") -- 制約名を明示しなければ自動的に名前が付けられる
    -> );
Query OK, 0 rows affected (0.07 sec)

mysql> describe user_information;
+--------------+-------------------------+------+-----+---------+----------------+
| Field        | Type                    | Null | Key | Default | Extra          |
+--------------+-------------------------+------+-----+---------+----------------+
| id           | int                     | NO   | PRI | NULL    | auto_increment |
| name         | varchar(20)             | NO   |     | NULL    |                |
| email        | varchar(50)             | YES  | UNI | NULL    |                |
| age          | int                     | NO   |     | NULL    |                |
| account_type | enum('basic','premium') | YES  |     | basic   |                |
+--------------+-------------------------+------+-----+---------+----------------+
```
`id`は`PRIMARY KEY`がついているため、主キーであり、後述の`NOT NULL`と`UNIQUE`が課せられる。また、`AUTO_INCREMENT`がついているので、以下クエリのように明示的に指定しなければ自動的に連番が割り振られる。明示的に指定すれば制約に違反しない範囲で望んだ値を格納可能だが、基本的`AUTO_INCREMENT`が付与されるカラムは自動採番される前提で設計されているため、データベースに任せるのが良い。
```
mysql> insert into user_information (name, email, age, account_type)
    -> values
    -> ('Alice', 'alice@example.com', 25, "basic"),
    -> ('Bob', 'bob@example.com', 35, "premium");
Query OK, 2 rows affected (0.02 sec)
Records: 2  Duplicates: 0  Warnings: 0

mysql> select * from user_information;
+----+-------+-------------------+-----+--------------+
| id | name  | email             | age | account_type |
+----+-------+-------------------+-----+--------------+
|  1 | Alice | alice@example.com |  25 | basic        |
|  2 | Bob   | bob@example.com   |  35 | premium      |
+----+-------+-------------------+-----+--------------+
```
`name`には`NOT NULL`が付与されているため、以下のクエリのように`NULL`を入れようとするとエラーになる。
```
mysql> insert into user_information (name, email, age, account_type)
    -> values
    -> (null, 'null@example.com', 25, "basic");
ERROR 1048 (23000): Column 'name' cannot be null
```
`email`には`UNIQUE`が付与されているため、重複した値を入れようとするとエラーになる。
```
-- レコードを格納
mysql> insert into user_information (name, email, age, account_type)
    -> values
    -> ('unique', 'unique@example.com', 25, "basic");
Query OK, 1 row affected (0.01 sec)

mysql> select * from user_information where email = "unique@example.com";
+----+--------+--------------------+-----+--------------+
| id | name   | email              | age | account_type |
+----+--------+--------------------+-----+--------------+
|  3 | unique | unique@example.com |  25 | basic        |
+----+--------+--------------------+-----+--------------+
1 row in set (0.00 sec)

-- 既に存在するemailと同じemailを持つレコードを挿入しようとするとエラー。
mysql> insert into user_information (name, email, age, account_type)
    -> values
    -> ('unique2', 'unique@example.com', 23, "basic");
ERROR 1062 (23000): Duplicate entry 'unique@example.com' for key 'user_information.email'
```
`age`にはcheck制約が付与されているため、独自で指定する条件で制約を付与することができる。今回は0歳以上という制約が付与されているため、以下のクエリのように負の数を入れようとするとエラーになる。なお、check制約は[13.1.20.6 CHECK 制約](https://dev.mysql.com/doc/refman/8.0/ja/create-table-check-constraints.html)に記載されているように、MySQL8.0.16より前のバージョンでは記載できるだけで実際にはチェックされないので注意する。
```
mysql> insert into user_information (name, email, age, account_type)
    -> values
    -> ('minus', 'minus@example.com', -2, "premium");
ERROR 3819 (HY000): Check constraint 'user_information_chk_1' is violated.
```
account_typeには`DEFAULT`が指定されているため、以下のクエリのように何も指定しない場合は"basic"が格納される。
```
mysql> insert into user_information (name, email, age)
    -> values
    -> ('default', 'default@example.com', 34);
Query OK, 1 row affected (0.01 sec)

mysql> select * from user_information where name = "default";
+----+---------+---------------------+-----+--------------+
| id | name    | email               | age | account_type |
+----+---------+---------------------+-----+--------------+
|  5 | default | default@example.com |  34 | basic        |
+----+---------+---------------------+-----+--------------+
```
`check_premium_age`のように`CONSTRAINT`で制約に名前を付けることが可能である。これのメリットとしては、エラーが発生した際に自分でつけた制約名が表示されるため原因を追いやすいことなどがある。今回ではaccount_typeがpremium以外の場合は18歳以上である必要があるという制約となっている。以下のクエリのように違反すれば`check_premium_age`が表示されることがわかる。名前はデータベース内で一意である必要がある。別のテーブル定義をする際に`check_premium_age`を使用しようとすると`ERROR 3822 (HY000): Duplicate check constraint name 'check_premium_age'.`というエラーが出る。
```
mysql> insert into user_information (name, email, age, account_type)
    -> values
    -> ('basic', 'basic@example.com', 5, "basic");
ERROR 3819 (HY000): Check constraint 'check_premium_age' is violated.
```
`age`についていたような制約をカラム制約と呼ぶ。この制約では付与されているカラム以外のカラムには制約を付けることは出来ない。一方、`check_premium_age`のような制約をテーブル制約と呼ぶ。こちらの制約は複数カラムにわたって制約を付けることが可能である。`check(email like "%@%")`のように名前を付けずにテーブル制約を付けることも可能である。以下のクエリのように違反すればエラーが出るが、どの制約に違反しているのかわかりにくいため、名前を付けたほうが良い。
```
mysql> insert into user_information (name, email, age)
    -> values
    -> ('atmark', 'atmark-example.com', 34);
ERROR 3819 (HY000): Check constraint 'user_information_chk_2' is violated.
```