あるテーブルがほかのテーブルを参照する場合がある。例えば、以下のように従業員テーブルと部門テーブルの定義があるとする。従業員テーブルは部門テーブルを参照しているが、この定義では存在しない部門を参照することができてしまい、データの整合性が損なわれる可能性がある。
```
mysql> create table departments (
    ->     department_id int auto_increment primary key,
    ->     department_name varchar(100) not null
    -> );
Query OK, 0 rows affected (0.05 sec)

mysql> create table employees (
    ->     employee_id int auto_increment primary key,
    ->     employee_name varchar(100) not null,
    ->     department_id int
    -> );
Query OK, 0 rows affected (0.06 sec)

-- 部門テーブルにデータを追加
insert into departments (department_name) values ('Sales');
insert into departments (department_name) values ('Engineering');

-- 存在しない department_id (例えば 999, 1000) を持つ従業員データを追加
insert into employees (employee_name, department_id) values ('Alice', 999);
insert into employees (employee_name, department_id) values ('Bob', 1000);

-- 既存の部門を参照する従業員データも追加
insert into employees (employee_name, department_id) values ('Charlie', 1);
insert into employees (employee_name, department_id) values ('David', 2);

-- 存在しない部門に所属する従業員を作成することができてしまう。
mysql> select employee_name, employees.department_id, department_name from employees
    -> left join departments
    -> on employees.department_id = departments.department_id;
+---------------+---------------+-----------------+
| employee_name | department_id | department_name |
+---------------+---------------+-----------------+
| Alice         |           999 | NULL            |
| Bob           |          1000 | NULL            |
| Charlie       |             1 | Sales           |
| David         |             2 | Engineering     |
+---------------+---------------+-----------------+
```
このような問題は`constraint <制約名> foreign key (<カラム名>) references <参照先テーブルのカラム名>`外部キー制約を付与することで解決できる。テーブルを作り直すので以下のクエリでデータベースを空にしておく。ここではテーブル定義で外部キー制約を付ける方法を見るためにデータベースを空にしているが、15-3-カラム制約3で見るように後から制約を追加することもできる。
```
mysql> drop database if exists my_db;
Query OK, 0 rows affected (0.02 sec)

mysql> create database my_db;
Query OK, 1 row affected (0.01 sec)

mysql> use my_db;
Database changed
```
以下クエリで従業員テーブルから部門テーブルを参照するようにする。この例では部門テーブルが参照先テーブル(親テーブル)と呼ばれ、従業員テーブルが参照元テーブル(子テーブル)と呼ばれる。外部キー制約で使用するカラムは以下の条件を満たす必要がある。
- 参照先のカラムと参照元のカラムでデータ型が一致している、もしくは互換性がある。
- 参照先のカラムは一意であることが保証されている。基本的には`PRIMARY KEY`もしくは`UNIQUE`が指定されていればよい。
- 親テーブルと子テーブルが同じデータベース内に定義されている。
```
mysql> create table departments (
    ->     department_id int auto_increment primary key,
    ->     department_name varchar(100) not null
    -> );
Query OK, 0 rows affected (0.06 sec)

mysql> create table employees (
    ->     employee_id int auto_increment primary key,
    ->     employee_name varchar(100) not null,
    ->     department_id int,
    ->     constraint fk_department_id
    ->     foreign key (department_id)
    ->     references departments(department_id)
    -> );
Query OK, 0 rows affected (0.07 sec)
```
以下のクエリのように存在しない部門に所属する従業員を保存しようとするとエラーになる。このような関連するテーブル間でのデータの整合性を保つためのルールを参照整合性と呼ぶ。
```
-- 部門テーブルにデータを追加
insert into departments (department_name) values ('Sales');
Query OK, 1 row affected (0.01 sec)
insert into departments (department_name) values ('Engineering');
Query OK, 1 row affected (0.01 sec)

-- 存在しない department_idを持つ従業員データは追加できない
mysql> insert into employees (employee_name, department_id) values ('Alice', 999);
ERROR 1452 (23000): Cannot add or update a child row: a foreign key constraint fails (`my_db`.`employees`, CONSTRAINT `fk_department_id` FOREIGN KEY (`department_id`) REFERENCES `departments` (`department_id`))

-- 既存の部門を参照する従業員データが追加できる
mysql> insert into employees (employee_name, department_id) values ('Charlie', 1);
Query OK, 1 row affected (0.01 sec)
```
外部キー制約はレコード追加時にチェックを行うだけでなく、参照先のレコード削除時にもチェックを行う。以下のクエリでは`Sales`部門に所属する従業員が存在するにもかかわらず`Sales`部門を削除しようとしているため、エラーが出る。
```
-- Sales部門に所属している従業員が存在
mysql> select employee_name, department_name
    -> from employees
    -> join departments on departments.department_id = employees.department_id;
+---------------+-----------------+
| employee_name | department_name |
+---------------+-----------------+
| Charlie       | Sales           |
+---------------+-----------------+

-- Sales部門を削除しようとするとエラー
mysql> delete from departments
    -> where department_name = "Sales";
ERROR 1451 (23000): Cannot delete or update a parent row: a foreign key constraint fails (`my_db`.`employees`, CONSTRAINT `fk_department_id` FOREIGN KEY (`department_id`) REFERENCES `departments` (`department_id`))
```
参照先が削除された際の挙動は`ON DELETE <オプション名>`で制御できる。オプション名には`CASCADE`, `SET NULL`, `RESTRICT`, `NO ACTION`, `SET DEFAULT`が指定できる。上記のクエリのように何も指定しなかった場合は`RESTRICT`(または`NO ACTION`)を指定したのと同じ挙動となる。MySQLにおいては`RESTRICT`, `NO ACTION`は同等の挙動しており、削除を拒否する。テーブルを削除する際も参照元のレコードが残っており参照先のレコードが削除できないことがあるのでテーブルの削除順には注意する必要がある。`CASCADE`を指定すると参照先と一致するレコードを参照元からも削除する。以下のクエリでは`Sales`部門を削除されたときに所属していた従業員も一緒に削除されている。
```
-- テーブルを空にしておく。データベースごと削除すればテーブルを削除する順番は気にしなくてよい。
mysql> drop database if exists my_db;
Query OK, 0 rows affected (0.02 sec)

mysql> create database my_db;
Query OK, 1 row affected (0.01 sec)

mysql> use my_db;
Database changed

-- 参照先テーブル作成
mysql> create table departments (
    ->     department_id int auto_increment primary key,
    ->     department_name varchar(100) not null
    -> );
Query OK, 0 rows affected (0.05 sec)

-- on delete cascadeでテーブル作成
mysql> create table employees (
    ->     employee_id int auto_increment primary key,
    ->     employee_name varchar(100) not null,
    ->     department_id int,
    ->     constraint fk_department_id
    ->     foreign key (department_id)
    ->     references departments(department_id)
    ->     on delete cascade
    -> );

-- データを格納。
mysql> insert into departments (department_name) values ("Sales");
Query OK, 1 row affected (0.01 sec)

mysql> insert into departments (department_name) values ("Engineering");
Query OK, 1 row affected (0.01 sec)

mysql> insert into employees (employee_name, department_id) values ('Alice', 1);
Query OK, 1 row affected (0.01 sec)

mysql> insert into employees (employee_name, department_id) values ('Bob', 2);
Query OK, 1 row affected (0.01 sec)

-- 従業員と所属部署を確認
mysql> select employee_name, department_name
    -> from employees
    -> join departments on departments.department_id = employees.department_id;
+---------------+-----------------+
| employee_name | department_name |
+---------------+-----------------+
| Alice         | Sales           |
| Bob           | Engineering     |
+---------------+-----------------+

-- Sales部門を削除
mysql> delete from departments
    -> where department_name = "Sales";
Query OK, 1 row affected (0.01 sec)

-- 従業員と所属部署を確認するとSales部門に所属していた従業員が削除されている。
mysql> select employee_name, department_name
    -> from employees
    -> join departments on departments.department_id = employees.department_id;
+---------------+-----------------+
| employee_name | department_name |
+---------------+-----------------+
| Bob           | Engineering     |
+---------------+-----------------+
```
`SET NULL`を指定すると`NULL`、`SET DEFAULT`を指定するとデフォルト値が参照元に格納される。以下のクエリでは`SET NULL`を指定しているため、`Sales`部門が削除されると所属していた従業員の所属部署は`NULL`となっている。
```
-- テーブルを空にしておく。データベースごと削除すればテーブルを削除する順番は気にしなくてよい。
mysql> drop database if exists my_db;
Query OK, 0 rows affected (0.02 sec)

mysql> create database my_db;
Query OK, 1 row affected (0.01 sec)

mysql> use my_db;
Database changed

-- 参照先テーブル作成
mysql> create table departments (
    ->     department_id int auto_increment primary key,
    ->     department_name varchar(100) not null
    -> );
Query OK, 0 rows affected (0.05 sec)

-- 従業員テーブルをset nullで作り直す
mysql> create table employees (
    ->     employee_id int auto_increment primary key,
    ->     employee_name varchar(100) not null,
    ->     department_id int,
    ->     constraint fk_department_id
    ->     foreign key (department_id)
    ->     references departments(department_id)
    ->     on delete set null
    -> );
Query OK, 0 rows affected (0.19 sec)

-- データを格納。
mysql> insert into departments (department_name) values ("Sales");
Query OK, 1 row affected (0.01 sec)

mysql> insert into departments (department_name) values ("Engineering");
Query OK, 1 row affected (0.01 sec)

mysql> insert into employees (employee_name, department_id) values ('Alice', 1);
Query OK, 1 row affected (0.01 sec)

mysql> insert into employees (employee_name, department_id) values ('Bob', 2);
Query OK, 1 row affected (0.00 sec)

-- 従業員と所属部署を確認
mysql> select employee_name, employees.department_id, department_name
    -> from employees
    -> join departments on departments.department_id = employees.department_id;
+---------------+---------------+-----------------+
| employee_name | department_id | department_name |
+---------------+---------------+-----------------+
| Alice         |             1 | Sales           |
| Bob           |             2 | Engineering     |
+---------------+---------------+-----------------+

-- Sales部門を削除
mysql> delete from departments
    -> where department_name = "Sales";
Query OK, 1 row affected (0.01 sec)

-- Sales部門に所属していた従業員のdepartment_idが`NULL`になっている。
mysql> select * from employees;
+-------------+---------------+---------------+
| employee_id | employee_name | department_id |
+-------------+---------------+---------------+
|           1 | Alice         |          NULL |
|           2 | Bob           |             2 |
+-------------+---------------+---------------+
```

レコードの更新時の挙動は`ON UPDATE <オプション名>`で制御することができる。指定できるオプション名は削除時と同じ`CASCADE`, `SET NULL`, `RESTRICT`, `NO ACTION`, `SET DEFAULT`である。何も指定しなければ`RESTRICT`(または`NO ACTION`)と同じ挙動になり、更新を拒否する。以下のクエリでは`RESTRICT`を指定しているため、従業員が存在するにもかかわらず`Sales`部門のdepartment_idを更新しようとするとエラーになる。
```
mysql> drop database if exists my_db;
Query OK, 0 rows affected (0.02 sec)

mysql> create database my_db;
Query OK, 1 row affected (0.01 sec)

mysql> use my_db;
Database changed

mysql> create table departments (
    ->     department_id int auto_increment primary key,
    ->     department_name varchar(100) not null
    -> );
Query OK, 0 rows affected (0.19 sec)

-- 何も指定しなければRESTRICT(またはNO ACTION)と同じ挙動になる
mysql> create table employees (
    ->     employee_id int auto_increment primary key,
    ->     employee_name varchar(100) not null,
    ->     department_id int,
    ->     constraint fk_department_id
    ->     foreign key (department_id)
    ->     references departments(department_id)
    ->     on update restrict
    -> );
Query OK, 0 rows affected (0.06 sec)

mysql> insert into departments (department_name) values
    -> ("Sales"), ("Engineering");
Query OK, 2 rows affected (0.01 sec)
Records: 2  Duplicates: 0  Warnings: 0

mysql> insert into employees (employee_name, department_id) values
    -> ('Alice', 1), ('Bob', 2);
Query OK, 2 rows affected (0.01 sec)
Records: 2  Duplicates: 0  Warnings: 0

-- 従業員と所属部署を確認
mysql> select employee_name, employees.department_id, department_name
    -> from employees
    -> join departments on departments.department_id = employees.department_id;
+---------------+---------------+-----------------+
| employee_name | department_id | department_name |
+---------------+---------------+-----------------+
| Alice         |             1 | Sales           |
| Bob           |             2 | Engineering     |
+---------------+---------------+-----------------+

-- Sales部門のdepartment_idを更新しようとするとエラーになる
mysql> update departments
    -> set department_id = 3
    -> where department_id = 1;
ERROR 1451 (23000): Cannot delete or update a parent row: a foreign key constraint fails (`my_db`.`employees`, CONSTRAINT `fk_department_id` FOREIGN KEY (`department_id`) REFERENCES `departments` (`department_id`) ON UPDATE RESTRICT)
```
`CASCADE`を指定すると以下のクエリのように参照先の変更に追従して参照元も変更される。
```
-- テーブルを空にしておく。データベースごと削除すればテーブルを削除する順番は気にしなくてよい。
mysql> drop database if exists my_db;
Query OK, 0 rows affected (0.02 sec)

mysql> create database my_db;
Query OK, 1 row affected (0.01 sec)

mysql> use my_db;
Database changed

-- 参照先テーブル作成
mysql> create table departments (
    ->     department_id int auto_increment primary key,
    ->     department_name varchar(100) not null
    -> );
Query OK, 0 rows affected (0.06 sec)

-- on update cascadeでテーブル作成。on deleteと同時に設定することもできる。
mysql> create table employees (
    ->     employee_id int auto_increment primary key,
    ->     employee_name varchar(100) not null,
    ->     department_id int,
    ->     constraint fk_department_id
    ->     foreign key (department_id)
    ->     references departments(department_id)
    ->     on delete cascade
    ->     on update cascade
    -> );
Query OK, 0 rows affected (0.12 sec)

mysql> insert into departments (department_name) values
    -> ("Sales"), ("Engineering");
Query OK, 2 rows affected (0.02 sec)
Records: 2  Duplicates: 0  Warnings: 0

mysql> insert into employees (employee_name, department_id) values
    -> ('Alice', 1), ('Bob', 2);
Query OK, 2 rows affected (0.01 sec)
Records: 2  Duplicates: 0  Warnings: 0

-- 従業員と所属部署を確認する
mysql> select employee_name, employees.department_id, department_name
    -> from employees
    -> join departments on departments.department_id = employees.department_id;
+---------------+---------------+-----------------+
| employee_name | department_id | department_name |
+---------------+---------------+-----------------+
| Alice         |             1 | Sales           |
| Bob           |             2 | Engineering     |
+---------------+---------------+-----------------+
2 rows in set (0.00 sec)

-- 参照先のカラムを変更
mysql> update departments
    -> set department_id = 3
    -> where department_id = 1;
Query OK, 1 row affected (0.01 sec)
Rows matched: 1  Changed: 1  Warnings: 0

-- 従業員テーブルのdepartment_idが上の変更に追従している。
mysql> select employee_name, employees.department_id, department_name
    -> from employees
    -> join departments on departments.department_id = employees.department_id;
+---------------+---------------+-----------------+
| employee_name | department_id | department_name |
+---------------+---------------+-----------------+
| Bob           |             2 | Engineering     |
| Alice         |             3 | Sales           |
+---------------+---------------+-----------------+
```
`SET NULL`を指定すると`NULL`、`SET DEFAULT`を指定するとデフォルト値が参照元に格納される。以下のクエリでは`SET NULL`を指定しているため、`Sales`部門が削除されると所属していた従業員の所属部署は`NULL`となっている。
```
-- テーブルを空にしておく。データベースごと削除すればテーブルを削除する順番は気にしなくてよい。
mysql> drop database if exists my_db;
Query OK, 0 rows affected (0.02 sec)

mysql> create database my_db;
Query OK, 1 row affected (0.01 sec)

mysql> use my_db;
Database changed

mysql> create table departments (
    ->     department_id int auto_increment primary key,
    ->     department_name varchar(100) not null
    -> );
Query OK, 0 rows affected (0.17 sec)

-- 従業員テーブルをset nullで作り直す
mysql> create table employees (
    ->     employee_id int auto_increment primary key,
    ->     employee_name varchar(100) not null,
    ->     department_id int,
    ->     constraint fk_department_id
    ->     foreign key (department_id)
    ->     references departments(department_id)
    ->     on delete restrict
    ->     on update set null
    -> );
Query OK, 0 rows affected (0.15 sec)

mysql> insert into departments (department_name) values
    -> ("Sales"), ("Engineering");
Query OK, 2 rows affected (0.01 sec)
Records: 2  Duplicates: 0  Warnings: 0

mysql> insert into employees (employee_name, department_id) values
    -> ('Alice', 1), ('Bob', 2);
Query OK, 2 rows affected (0.01 sec)
Records: 2  Duplicates: 0  Warnings: 0

-- 従業員と所属部署を確認する
mysql> select employee_name, employees.department_id, department_name
    -> from employees
    -> join departments on departments.department_id = employees.department_id;
+---------------+---------------+-----------------+
| employee_name | department_id | department_name |
+---------------+---------------+-----------------+
| Alice         |             1 | Sales           |
| Bob           |             2 | Engineering     |
+---------------+---------------+-----------------+

-- 参照先のdepartment_idを更新
mysql> update departments
    -> set department_id = 3
    -> where department_id = 1;
Query OK, 1 row affected (0.02 sec)
Rows matched: 1  Changed: 1  Warnings: 0

-- 更新されたdepartment_idをもつ従業員のdepartment_idがNULLになっている。
mysql> select * from employees;
+-------------+---------------+---------------+
| employee_id | employee_name | department_id |
+-------------+---------------+---------------+
|           1 | Alice         |          NULL |
|           2 | Bob           |             2 |
+-------------+---------------+---------------+
```