事前準備としてレコードを挿入するテーブルを作成する。
```
mysql> create table people (
    ->     id int primary key,
    ->     first_name varchar(20),
    ->     last_name varchar(20),
    ->     birth_day date default "1995-5-1"
    -> );
Query OK, 0 rows affected (0.06 sec)
```

レコードを挿入するには`INSERT`を使用する。カラム名を指定せずに挿入する場合、`INSERT INTO <テーブル名> value (value1, value2, ...)`で一番目のカラムから値を指定していく。
```
mysql> insert into people values (
    ->     0,
    ->     "田中",
    ->     "中太",
    ->     "2000-1-1"
    -> );
Query OK, 1 row affected (0.01 sec)
```
挿入する値の数とカラム数が一致しない場合、エラーが発生する。
```
mysql> insert into people values (
    ->     1,
    ->     "佐藤",
    ->     "佐藤田"
    -> );
ERROR 1136 (21S01): Column count doesn't match value count at row 1
```
`INSERT INTO <テーブル名> (column1, column2, ...) value (value1, value2, ...)`でカラム名を指定してレコードを挿入することもできる。その場合、挿入する値の数とカラム数が一致しなくても挿入可能である。
```
mysql> insert into people (
    ->     id,
    ->     first_name,
    ->     last_name,
    ->     birth_day
    -> )
    -> values (
    ->     1,
    ->     "佐藤",
    ->     "砂糖",
    ->     "1999-2-2"
    -> );
Query OK, 1 row affected (0.01 sec)

mysql> insert into people (
    ->     id,
    ->     last_name
    -> )
    -> values (
    ->     2,
    ->     "塩"
    -> );
Query OK, 1 row affected (0.01 sec)
```
挿入したレコードは`SELECT`で取得することができる。全カラムを取得する場合`SELECT * FROM <テーブル名>`を使用する。カラム名を指定して挿入したレコードのうち、指定されなかったカラムにはデフォルト値が挿入されていることが確認できる。
```
mysql> select * from people;
+----+------------+-----------+------------+
| id | first_name | last_name | birth_day  |
+----+------------+-----------+------------+
|  0 | 田中       | 中太      | 2000-01-01 |
|  1 | 佐藤       | 砂糖      | 1999-02-02 |
|  2 | NULL       | 塩        | 1995-05-01 |
+----+------------+-----------+------------+
```
カラムを指定して取得する場合は`SELECT column1, column2, ... FROM <テーブル名>`を使用する。
```
mysql> select first_name, last_name from people;
+------------+-----------+
| first_name | last_name |
+------------+-----------+
| 田中       | 中太      |
| 佐藤       | 砂糖      |
| NULL       | 塩        |
+------------+-----------+
```
`SELECT column1 AS alias1, column2 AS alias2, ... FROM <テーブル名>`でカラム名に別名を付けることができる。
```
mysql> select first_name as '名前', last_name as '苗字' from people;
+--------+--------+
| 名前   | 苗字   |
+--------+--------+
| 田中   | 中太   |
| 佐藤   | 砂糖   |
| NULL   | 塩     |
+--------+--------+
```
