テーブルは6-1で準備したものをそのまま使用する。複数のユーザーやプロセスが同時にテーブルを操作しようとしたとき、そのすべての処理を愚直に実行しようとするとデータの整合性が確保できなくなることがある。例えば、ある商品の在庫を確認する -> 在庫があれば商品を購入するというトランザクションがあるとする。残り商品が1つしかないとき、このトランザクションが同時に2つ実行されると(それぞれA, Bと呼ぶことにする)、在庫を確認する(A) -> 在庫を確認する(B) -> 商品を購入する(A) -> 商品を購入する(B)と言ったことが発生し、在庫がないのに購入できる(在庫が-1になる)といったことが発生する。こういったことを防ぐために、あるトランザクションが処理中の時は別のトランザクションがテーブルや行の参照、更新できないようにする。これをロックという。よく見られるロックには以下のものがある。

##### 排他ロック
ロックをかけたトランザクション以外のトランザクションはレコードの参照・更新ができなくなる。ただし、参照できないというのは、ほかのトランザクションでは`SELECT`がエラーになるという意味ではなく、トランザクション中に更新があったレコードが参照できないという意味であり、トランザクション開始前のレコードを参照する。トランザクション内で`UPDATE`, `DELETE`, `INSERT`を実行した場合排他ロックがかかる。`SELECT`の場合は`FOR UPDATE`を付けることで排他ロックを書けることができる。

```
mysql> start transaction; -- セッション1でトランザクション開始
Query OK, 0 rows affected (0.00 sec)

mysql> select * from bank_accounts for update; -- セッション1で排他ロックをかける
+------------+--------------+---------+---------------------+
| account_id | account_name | balance | updated_at          |
+------------+--------------+---------+---------------------+
|          1 | Alice        | 1000.00 | 2025-02-20 14:03:35 |
|          2 | Bob          | 1500.00 | 2025-02-20 14:03:35 |
|          3 | Charlie      | 2000.00 | 2025-02-20 14:03:35 |
+------------+--------------+---------+---------------------+

mysql> update bank_accounts set balance = balance + 500; -- セッション2でレコードを更新しようとすると処理待ちになる。今回は中断させる
^C^C -- query aborted
ERROR 1317 (70100): Query execution was interrupted

mysql> update bank_accounts set balance = balance + 500; -- セッション1でレコードを更新する
Query OK, 3 rows affected (0.00 sec)
Rows matched: 3  Changed: 3  Warnings: 0

mysql> select * from bank_accounts; -- セッション1でレコードが更新されている。
+------------+--------------+---------+---------------------+
| account_id | account_name | balance | updated_at          |
+------------+--------------+---------+---------------------+
|          1 | Alice        | 1500.00 | 2025-02-20 14:11:04 |
|          2 | Bob          | 2000.00 | 2025-02-20 14:11:04 |
|          3 | Charlie      | 2500.00 | 2025-02-20 14:11:04 |
+------------+--------------+---------+---------------------+

mysql> select * from bank_accounts; -- セッション2でレコードを取得するとセッション1のトランザクション開始前のレコードを取得している。
+------------+--------------+---------+---------------------+
| account_id | account_name | balance | updated_at          |
+------------+--------------+---------+---------------------+
|          1 | Alice        | 1000.00 | 2025-02-20 14:03:35 |
|          2 | Bob          | 1500.00 | 2025-02-20 14:03:35 |
|          3 | Charlie      | 2000.00 | 2025-02-20 14:03:35 |
+------------+--------------+---------+---------------------+

mysql> update bank_accounts set balance = balance + 500; -- セッション2でレコードを更新しようとする。

mysql> commit; -- セッション1のトランザクションを反映させる
Query OK, 0 rows affected (0.01 sec)

Query OK, 3 rows affected (6.77 sec) -- セッション2で実行していたクエリが実行完了する。(6秒かかっていることからセッション1のトランザクション終了待ちだったことがわかる)
Rows matched: 3  Changed: 3  Warnings: 0
```
排他ロックは同時に1つのトランザクションしか排他ロックを取得できないため、同時に排他ロックを取得しようとすると片方がロック解除待ちになる。
```
mysql> start transaction; -- セッション1でトランザクション開始
Query OK, 0 rows affected (0.00 sec)

mysql> select * from bank_accounts for update; -- セッション1で排他ロックをかける
+------------+--------------+---------+---------------------+
| account_id | account_name | balance | updated_at          |
+------------+--------------+---------+---------------------+
|          1 | Alice        | 2000.00 | 2025-02-20 14:14:20 |
|          2 | Bob          | 2500.00 | 2025-02-20 14:14:20 |
|          3 | Charlie      | 3000.00 | 2025-02-20 14:14:20 |
+------------+--------------+---------+---------------------+
3 rows in set (0.01 sec)

mysql> start transaction; -- セッション2でトランザクション開始
Query OK, 0 rows affected (0.00 sec)

mysql> select * from bank_accounts for update; -- セッション2で排他ロックをかけようとすると処置待ちになる。

mysql> rollback; -- セッション1でトランザクション終了
Query OK, 0 rows affected (0.00 sec)

-- セッション2で実行していた
+------------+--------------+---------+---------------------+
| account_id | account_name | balance | updated_at          |
+------------+--------------+---------+---------------------+
|          1 | Alice        | 2000.00 | 2025-02-20 14:14:20 |
|          2 | Bob          | 2500.00 | 2025-02-20 14:14:20 |
|          3 | Charlie      | 3000.00 | 2025-02-20 14:14:20 |
+------------+--------------+---------+---------------------+
3 rows in set (6.17 sec)
```

##### 共有ロック
共有ロックをかけたトランザクション以外のトランザクションは、レコードを参照することは出来るが更新は出来なくなる。`SELECT`の場合`FOR SHARE`を付けることで共有ロックをかけることができる。`UPDATE`, `DELETE`, `INSERT`で共有ロックをかけることは出来ない。これらのクエリを実行した時点で共有ロックは排他ロックに切り替わる。
```
mysql> start transaction; -- セッション1でトランザクション開始
Query OK, 0 rows affected (0.01 sec)

mysql> select * from bank_accounts for share; -- セッション1で共有ロックを取得
+------------+--------------+---------+---------------------+
| account_id | account_name | balance | updated_at          |
+------------+--------------+---------+---------------------+
|          1 | Alice        | 2000.00 | 2025-02-20 14:14:20 |
|          2 | Bob          | 2500.00 | 2025-02-20 14:14:20 |
|          3 | Charlie      | 3000.00 | 2025-02-20 14:14:20 |
+------------+--------------+---------+---------------------+


mysql> update bank_accounts set balance = balance + 500; -- セッション2でレコードを更新しようとすると処理待ちになる。今回は中断させる。
^C^C -- query aborted
ERROR 1317 (70100): Query execution was interrupted
```
`SELECT`に`FOR SHARE`も`FOR UPDATE`もつけないとロックはかからない
```
mysql> start transaction; -- セッション1でトランザクション開始
Query OK, 0 rows affected (0.00 sec)

mysql> select * from bank_accounts; -- セッション1でロックをかけずにレコードを取得
+------------+--------------+---------+---------------------+
| account_id | account_name | balance | updated_at          |
+------------+--------------+---------+---------------------+
|          1 | Alice        | 2000.00 | 2025-02-20 14:14:20 |
|          2 | Bob          | 2500.00 | 2025-02-20 14:14:20 |
|          3 | Charlie      | 3000.00 | 2025-02-20 14:14:20 |
+------------+--------------+---------+---------------------+

mysql> update bank_accounts set balance = balance + 500; -- セッション2でレコードを更新すると処理待ちにならずに実行可能。
Query OK, 3 rows affected (0.04 sec)
Rows matched: 3  Changed: 3  Warnings: 0

mysql> select * from bank_accounts; -- セッション1でレコードを取得するとセッション2で行われた更新は見えない
+------------+--------------+---------+---------------------+
| account_id | account_name | balance | updated_at          |
+------------+--------------+---------+---------------------+
|          1 | Alice        | 2000.00 | 2025-02-20 14:14:20 |
|          2 | Bob          | 2500.00 | 2025-02-20 14:14:20 |
|          3 | Charlie      | 3000.00 | 2025-02-20 14:14:20 |
+------------+--------------+---------+---------------------+
3 rows in set (0.00 sec)

mysql> commit; -- セッション1でトランザクション終了
Query OK, 0 rows affected (0.00 sec)

mysql> select * from bank_accounts; -- 再びセッション1でレコードを取得すると更新されている。
+------------+--------------+---------+---------------------+
| account_id | account_name | balance | updated_at          |
+------------+--------------+---------+---------------------+
|          1 | Alice        | 2500.00 | 2025-02-20 14:31:09 |
|          2 | Bob          | 3000.00 | 2025-02-20 14:31:09 |
|          3 | Charlie      | 3500.00 | 2025-02-20 14:31:09 |
+------------+--------------+---------+---------------------+
```

ロックする対象には行ロックとテーブルロックがある。
##### 行ロック
主キーまたはユニークカラム<置換予定>を用いて行を絞り込んだ場合、その行のみにロックがかかる。同じテーブルの他の行に対する更新や読み取りはブロックされないため、並行処理(同時アクセス)に強い。
```
mysql> select * from bank_accounts; -- セッション1で現在の状態を確認
+------------+--------------+---------+---------------------+
| account_id | account_name | balance | updated_at          |
+------------+--------------+---------+---------------------+
|          1 | Alice        | 2500.00 | 2025-02-20 14:31:09 |
|          2 | Bob          | 3000.00 | 2025-02-20 14:31:09 |
|          3 | Charlie      | 3500.00 | 2025-02-20 14:31:09 |
+------------+--------------+---------+---------------------+

mysql> start transaction; -- セッション1でトランザクション開始
Query OK, 0 rows affected (0.01 sec)

mysql> select * from bank_accounts where account_id = 1 for update; -- セッション1でaccount_id=1のもののみ絞り込むとそこにロックがかかる。
+------------+--------------+---------+---------------------+
| account_id | account_name | balance | updated_at          |
+------------+--------------+---------+---------------------+
|          1 | Alice        | 2500.00 | 2025-02-20 14:31:09 |
+------------+--------------+---------+---------------------+

mysql> update bank_accounts set balance = balance + 500; -- セッション2でaccount_id=1を含むレコードを更新しようとしても処理待ちになる。今回は中断する。
^C^C -- query aborted
ERROR 1317 (70100): Query execution was interrupted

mysql> update bank_accounts set balance = balance + 500 where account_id = 2; -- セッション2でaccount_id=2のものを更新すると、account_id=1のレコードしかロックされていないので処理可能。
Query OK, 1 row affected (0.01 sec)
Rows matched: 1  Changed: 1  Warnings: 0

mysql> select * from bank_accounts; -- トランザクション中だがレコードが更新されている。
+------------+--------------+---------+---------------------+
| account_id | account_name | balance | updated_at          |
+------------+--------------+---------+---------------------+
|          1 | Alice        | 2500.00 | 2025-02-20 14:31:09 |
|          2 | Bob          | 3500.00 | 2025-02-20 15:25:14 |
|          3 | Charlie      | 3500.00 | 2025-02-20 14:31:09 |
+------------+--------------+---------+---------------------+

mysql> update bank_accounts set balance = balance + 500 where account_name = "Charlie"; -- セッション2で、主キー以外でロックがかかっていない行を更新しようとしても処理待ちになる。今回は中断する。
^C^C -- query aborted
ERROR 1317 (70100): Query execution was interrupted
```
主キーまたはユニークカラム以外で絞り込んだ場合、絞り込まれた行以外もロックされる。どの行がロックされるかはインデックス使用の有無やギャップロック、ネクストキーロックなどが影響する<置換予定>。
```
mysql> start transaction; -- セッション1でトランザクション開始
Query OK, 0 rows affected (0.00 sec)

mysql> select * from bank_accounts where account_name = "Alice" for update; -- セッション1で主キーまたはユニークカラム以外で絞り込んでロックをかける
+------------+--------------+---------+---------------------+
| account_id | account_name | balance | updated_at          |
+------------+--------------+---------+---------------------+
|          1 | Alice        | 2500.00 | 2025-02-20 14:31:09 |
+------------+--------------+---------+---------------------+

mysql> update bank_accounts set balance = balance + 500 where account_name = "Bob"; -- セッション1で指定されていないレコードを更新しようとしても処理待ちになる。今回は中断する。
^C^C -- query aborted
ERROR 1317 (70100): Query execution was interrupted
```

##### テーブルロック
`LOCK TABLE <テーブル名>`でテーブル自体をロックすることができる。`LOCK`には`READ`と`WRITE`があり、それぞれ以下の表のような挙動をする。`UNLOCK TABLES`でセッションが保有するテーブルロックをすべて解除する。
|                            | READ                         | WRITE                    |
| -------------------------- | ---------------------------- | ------------------------ |
| ロックを実行したセッション | 読み込み可能だが書き込む不可 | 読み込みも書き込みも可能 |
| 他のセッション             | 読み込み可能だが書き込み不可 | 読み込みも書き込みの不可 |
```
mysql> lock table bank_accounts read; -- セッション1でテーブルをロック。
Query OK, 0 rows affected (0.00 sec)

mysql> update bank_accounts set balance = balance + 500 where account_name = "Charlie"; -- セッション2でレコードを更新しようとしても処理待ちになる。今回は中断する。
^C^C -- query aborted
ERROR 1317 (70100): Query execution was interrupted

mysql> unlock tables; -- セッション1でテーブルロックを解除する。
Query OK, 0 rows affected (0.00 sec)

mysql> update bank_accounts set balance = balance + 500 where account_name = "Charlie"; -- セッション2でレコードを更新できるようになる。
Query OK, 1 row affected (0.01 sec)
Rows matched: 1  Changed: 1  Warnings: 0
```
行ロックでは主キーまたはユニークカラム以外で絞り込んでロックをかけた場合、テーブル全体にロックがかかっているようにみえるが、あくまでこれは行ロックの集合であり、テーブル単位でロックされるテーブルロックとは異なる。バッチ処理などで多数の行を一括処理する場合、行ロックを大量に取得・開放するよりもテーブルロックを一度だけ行うほうが管理コストが低減し、パフォーマンスがよくなる可能性がある。

2つのセッションが互いに更新対象のテーブルをロックしているとお互いがロック解除待ちとなり、処理が進まなくなることがある。これをデッドロックと呼ぶ。以下のコマンドでは意図的にデッドロックを引き起こしている。なお、MySQLでは、Wait-for Graph、innodb_lock_wait_timeoutなどいくつかデッドロックを解消する仕組みが導入されている。ただし、これらの機構は完全ではないため、利用者側でも可能な限り同じ順序で同じテーブルや行にアクセスする（以下のコマンドでいえば必ずaccount_id=1 -> account_id=2の順で更新する）などの工夫をしたほうが良い。
```
mysql> start transaction; -- セッション1でトランザクション開始
Query OK, 0 rows affected (0.00 sec)

mysql> start transaction; -- セッション2でトランザクション開始
Query OK, 0 rows affected (0.00 sec)

mysql> update bank_accounts set balance = balance - 100 where account_id = 1; -- セッション1でaccount_id=1をロック
Query OK, 1 row affected (0.00 sec)
Rows matched: 1  Changed: 1  Warnings: 0

mysql> update bank_accounts set balance = balance - 100 where account_id = 2; -- セッション2でaccount_id=2をロック
Query OK, 1 row affected (0.00 sec)
Rows matched: 1  Changed: 1  Warnings: 0

mysql> update bank_accounts set balance = balance - 200 where account_id = 2; -- セッション1でaccount_id=2を更新しようとして処理待ち。

mysql> update bank_accounts set balance = balance - 100 where account_id = 1; -- セッション2でaccount_id=1を更新しようとしてデッドロックが発生。MySQLによって検出され自動ロールバックされた。
ERROR 1213 (40001): Deadlock found when trying to get lock; try restarting transaction

-- セッション1でaccount_id=2を更新しようとしてた処理が実行される。
Query OK, 1 row affected (8.60 sec)
Rows matched: 1  Changed: 1  Warnings: 0
```
