事前準備としてChatGPTに適当に生成してもらったテーブルとデータ(`8-0-generate.sql`)を作成する。売上データの中から、平均売上金額や最大売上金額などを計算し分析することで売り上げ傾向を把握するなど、データを集計したいことがある。集計関数を使用するとこれを実現することができる。`COUNT`は行数、`SUM`は合計、`AVG`は平均、`MIN`, `MAX`は最大値、最小値を計算する。以下のコマンドで使用しているように、日付や文字列に対して使用できる関数もある。その他様々な集計関数があるので必要に応じて[集計関数の説明](https://dev.mysql.com/doc/refman/8.0/ja/aggregate-functions.html)を参照する。
```
mysql> select count(*) from sales;
+----------+
| count(*) |
+----------+
|        8 |
+----------+
1 row in set (0.01 sec)

mysql> select min(sale_date) as "最も古い日付" from sales;
+--------------------+
| 最も古い日付       |
+--------------------+
| 2024-02-01         |
+--------------------+
1 row in set (0.00 sec)

mysql> select max(store_name) as "辞書順で最後の文字列" from sales;
+--------------------------------+
| 辞書順で最後の文字列           |
+--------------------------------+
| Tokyo Store                    |
+--------------------------------+

mysql> select sum(quantity) as "売上個数合計" from sales;
+--------------------+
| 売上個数合計       |
+--------------------+
|                205 |
+--------------------+

mysql> select avg(price * quantity) as "売り上げ平均" from sales;
+--------------------+
| 売り上げ平均       |
+--------------------+
|      256837.500000 |
+--------------------+
```
レコードにNULLが入っていた場合の扱いは以下の表のとおり。
| 関数          | 集計時にNULLが混じった場合 | 全行がＮULLの場合 |
| ------------- | -------------------------- | ----------------- |
| SUM           | 無視される                 | NULL              |
| MIN           | 無視される                 | NULL              |
| MAX           | 無視される                 | NULL              |
| AVG           | 無視される                 | NULL              |
| COUNT(*)      | NULLを含んでカウント       | 全行数            |
| COUNT(<列名>) | 無視される                 | 0                 |

レコード全体でなく、例えば店舗ごとなど、特定の条件でグループ分けしてそれぞれに対して集計したい場合は`GROUP BY`を用いる。以下のコマンドは日付後の売り上げの合計値を計算している。
```
mysql> select sale_date, sum(price * quantity) from sales
    -> group by sale_date;
+------------+-----------------------+
| sale_date  | sum(price * quantity) |
+------------+-----------------------+
| 2024-02-01 |             843500.00 |
| 2024-02-02 |             804000.00 |
| 2024-02-03 |             407200.00 |
+------------+-----------------------+
```
この操作は以下のコマンドと同じ結果になる。このコマンドではまずそれぞれのsale_dateで絞り込み、売り上げの合計を計算する。その後、unionでそれぞれのsale_dateの売り上げレコードをunionで結合する。
```
mysql> select sale_date, sum(price * quantity) from sales
    -> where sale_date = "2024-02-01"
    -> union
    -> select sale_date, sum(price * quantity) from sales
    -> where sale_date = "2024-02-02"
    -> union
    -> select sale_date, sum(price * quantity) from sales
    -> where sale_date = "2024-02-03";
+------------+-----------------------+
| sale_date  | sum(price * quantity) |
+------------+-----------------------+
| 2024-02-01 |             843500.00 |
| 2024-02-02 |             804000.00 |
| 2024-02-03 |             407200.00 |
+------------+-----------------------+
```
複数カラムで`GROUP BY`を用いるとそのカラムのペアでグループ分けされる。
```
mysql> select store_name, sale_date, sum(price * quantity) as total_sales
    -> from sales
    -> group by store_name, sale_date;
+---------------+------------+-------------+
| store_name    | sale_date  | total_sales |
+---------------+------------+-------------+
| Tokyo Store   | 2024-02-01 |   600000.00 |
| Tokyo Store   | 2024-02-02 |   800000.00 |
| Osaka Store   | 2024-02-01 |   236000.00 |
| Osaka Store   | 2024-02-03 |   400000.00 |
| Fukuoka Store | 2024-02-01 |     7500.00 |
| Fukuoka Store | 2024-02-02 |     4000.00 |
| Tokyo Store   | 2024-02-03 |     7200.00 |
+---------------+------------+-------------+
```

`GROUP BY`を用いる場合、`SELECT`で指定されるカラムに集計関数が使用されていないと、「そのカラムはどういう値を選べばいいのかわからない」と判断され、エラーになる。以下のコマンドは、store_nameのどの値を選べばいいかわからなくなっている状態である。
```
mysql> select store_name, sum(price * quantity) from sales
    -> group by sale_date;
ERROR 1055 (42000): Expression #1 of SELECT list is not in GROUP BY clause and contains nonaggregated column 'my_db.sales.store_name' which is not functionally dependent on columns in GROUP BY clause; this is incompatible with sql_mode=only_full_group_by
```
どのような値が入っても問題ない場合は`ANY_VALUE`を用いれば適当な値を入れてくれる。
```
mysql> select any_value(store_name), sale_date, sum(price * quantity) as total_sales
    -> from sales
    -> group by sale_date;
+-----------------------+------------+-------------+
| any_value(store_name) | sale_date  | total_sales |
+-----------------------+------------+-------------+
| Tokyo Store           | 2024-02-01 |   843500.00 |
| Tokyo Store           | 2024-02-02 |   804000.00 |
| Osaka Store           | 2024-02-03 |   407200.00 |
+-----------------------+------------+-------------+
```

`GROUP BY`と`WHERE`を同時に使用すると、`WHERE`で絞り込んだ後に`GROUP BY`でグループ分けされる。以下のコマンドではカテゴリが電子機器のもののみの各日の平均売上である。
```
mysql> select sale_date, avg(quantity * price) as "日付ごとの電子機器平均売り上げ" from sales
    -> where category = "Electronics"
    -> group by sale_date;
+------------+-----------------------------------------------+
| sale_date  | 日付ごとの電子機器平均売り上げ                |
+------------+-----------------------------------------------+
| 2024-02-01 |                                 415000.000000 |
| 2024-02-02 |                                 800000.000000 |
| 2024-02-03 |                                 400000.000000 |
+------------+-----------------------------------------------+
```
`GROUP BY`は`CASE`と用いると集計するグループを条件で分けることができる。以下のコマンドでは東京とその他でグループ分けをして売り上げを計算している。
```
mysql> select
    -> case store_name
    ->         when "Tokyo Store" then "東京"
    ->         else "その他"
    ->     end as "店舗",
    ->     sum(price * quantity) as "売り上げ"
    -> from sales
    -> group by
    ->     case store_name
    ->         when "Tokyo Store" then "東京"
    ->         else "その他"
    ->     end;
+-----------+--------------+
| 店舗      | 売り上げ     |
+-----------+--------------+
| 東京      |   1407200.00 |
| その他    |    647500.00 |
+-----------+--------------+

-- 以下のようにコマンドを構成していくとわかりやすい
-- まずselect内を空にしておいて、group by内でcaseを書く
select
from sales
group by
    case store_name
        when "Tokyo Store" then "東京"
        else "その他"
    end;

-- group by内のcaseをselectにコピーしてラベル付け
select
    case store_name
        when "Tokyo Store" then "東京"
        else "その他"
    end as "店舗",
from sales
group by
    case store_name
        when "Tokyo Store" then "東京"
        else "その他"
    end;

-- 計算したい集計関数をselect内に書く
select
    case store_name
        when "Tokyo Store" then "東京"
        else "その他"
    end as "店舗",
    sum(price * quantity) as "売り上げ"
from sales
group by
    case store_name
        when "Tokyo Store" then "東京"
        else "その他"
    end;
```
集計関数で得られた結果を用いて場合分けしたい場合は`CASE`内で集計関数を利用する。以下のコマンドでは各店舗の売上合計を計算し、その結果で場合分けをしてfeelingカラムを追加している。
```
mysql> select
    ->     store_name,
    ->     sum(price * quantity) as sale,
    ->     case
    ->         when sum(price * quantity) > 100000 then "very happy"
    ->         else "happy"
    ->     end as feeling
    -> from sales
    -> group by store_name;
+---------------+------------+------------+
| store_name    | sale       | feeling    |
+---------------+------------+------------+
| Tokyo Store   | 1407200.00 | very happy |
| Osaka Store   |  636000.00 | very happy |
| Fukuoka Store |   11500.00 | happy      |
+---------------+------------+------------+

-- 以下のように構成していくとわかりやすい
-- 店舗ごとの売り上げを集計。
mysql> select
    ->     store_name,
    ->     sum(price * quantity) as sale
    -> from sales
    -> group by store_name;
+---------------+------------+
| store_name    | sale       |
+---------------+------------+
| Tokyo Store   | 1407200.00 |
| Osaka Store   |  636000.00 |
| Fukuoka Store |   11500.00 |
+---------------+------------+

-- 集計結果が見えるのでそれをみつつcaseを追加する
select
    store_name,
    sum(price * quantity) as sale,
    case
        when sum(price * quantity) > 100000 then "very happy"
        else "happy"
    end as feeling
from sales
group by store_name;
```

`GROUP BY`で集計した後に絞り込みをしたい場合、`HAVING`を用いる。前述したように、`WHERE`は集計前に絞り込みを行うのでこの用途で用いることは出来ない。以下のコマンドでは店舗ごとの売り上げを計算したのち、100000以上だったものを抜き出している。
```
mysql> select
    ->     store_name,
    ->     sum(price * quantity) as sale
    -> from sales
    -> group by store_name
    -> having sum(price * quantity) > 100000;
+-------------+------------+
| store_name  | sale       |
+-------------+------------+
| Tokyo Store | 1407200.00 |
| Osaka Store |  636000.00 |
+-------------+------------+
```
以下のコマンドのように`SELECT`内の集計関数と`HAVING`内の集計関数は必ずしも一致する必要はない。やる意味があるとは思えないが。
```
mysql> select
    ->     store_name,
    ->     avg(price * quantity) as sale
    -> from sales
    -> group by store_name
    -> having sum(price * quantity) > 100000;
+-------------+---------------+
| store_name  | sale          |
+-------------+---------------+
| Tokyo Store | 469066.666667 |
| Osaka Store | 212000.000000 |
+-------------+---------------+
```