事前準備としてChatGPTに適当に生成してもらったテーブルとデータ(`9-0-generate.sql`)を作成する。`AS`でレコードに別名を付けたように、テーブルにも別名を付けることができる。うまく別名を付けられればクエリの可読性を挙げることができる。
```
mysql> select sum(e.salary), sum(p.budget) from employees as e, projects as p;
+---------------+---------------+
| sum(e.salary) | sum(p.budget) |
+---------------+---------------+
|     960000.00 |    2520000.00 |
+---------------+---------------+

-- 別名を付けない場合はテーブル名をそのまま用いる。
mysql> select sum(employees.salary), sum(projects.budget) from employees, projects;
+-----------------------+----------------------+
| sum(employees.salary) | sum(projects.budget) |
+-----------------------+----------------------+
|             960000.00 |           2520000.00 |
+-----------------------+----------------------+
```
ある`SELECT`の結果を使って、さらに別の`SELCET`の処理行うといったように、SQL文の中にネストして`SELECT`を用いることができる。これをサブクエリという。以下のクエリではEnginnering部門の従業員を抜き出している。このように、テーブルを連結せずに他のテーブルから取得したレコードをクエリ内で用いることができる。
```
mysql> select * from employees as e
    -> where e.department_id = (
    ->     select id from departments as d
    ->     where d.name = "Engineering"
    -> );
+----+-------+---------------+----------+------------+
| id | name  | department_id | salary   | hire_date  |
+----+-------+---------------+----------+------------+
|  1 | Alice |             1 | 60000.00 | 2020-05-10 |
|  2 | Bob   |             1 | 75000.00 | 2018-03-15 |
+----+-------+---------------+----------+------------+

-- 以下の二つのクエリの組み合わせが上のクエリとなる
-- Engineeringのidを取得
mysql> select id from departments where name = "Engineering";
+----+
| id |
+----+
|  1 |
+----+
1 row in set (0.00 sec)

-- 取得したidで絞り込み
mysql> select * from employees where department_id = 1;
+----+-------+---------------+----------+------------+
| id | name  | department_id | salary   | hire_date  |
+----+-------+---------------+----------+------------+
|  1 | Alice |             1 | 60000.00 | 2020-05-10 |
|  2 | Bob   |             1 | 75000.00 | 2018-03-15 |
+----+-------+---------------+----------+------------+
```

サブクエリが返すデータの形が適切なければならないことに注意する。例えば、下記のクエリのようにサブクエリが複数のidを返している場合、=での比較ができないのでエラーとなる。
```
mysql> select * from employees as e
    -> where e.department_id = (
    ->     select id from departments
    -> );
ERROR 1242 (21000): Subquery returns more than 1 row
```
最大値などの集計値と一緒に他の列を取り出したい場合は、集計関数をそのまま`SELECT`で使うと難しいので、以下のクエリのようにサブクエリを用いと簡単にできる。
```
mysql> select name, salary from employees
    -> where salary = (select max(salary) from employees);
+------+----------+
| name | salary   |
+------+----------+
| Bob  | 75000.00 |
+------+----------+
```


`IN`を用いて絞り込みを行う場合、リストを扱えるので複数のidが帰ってきていたとしても動作する。
```
-- 上記のクエリを=からINに変えたもの
mysql> select * from employees as e
    -> where e.department_id IN (
    ->     select id from departments
    -> );
+----+---------+---------------+----------+------------+
| id | name    | department_id | salary   | hire_date  |
+----+---------+---------------+----------+------------+
|  1 | Alice   |             1 | 60000.00 | 2020-05-10 |
|  2 | Bob     |             1 | 75000.00 | 2018-03-15 |
|  3 | Charlie |             2 | 50000.00 | 2019-07-20 |
|  4 | David   |             3 | 55000.00 | 2021-01-10 |
+----+---------+---------------+----------+------------+

-- salaryが55000以上の従業員が存在する部門を取得
mysql> select * from departments
    -> where id in (
    ->     select department_id from employees
    ->     where salary >= 55000
    ->     );
+----+-------------+
| id | name        |
+----+-------------+
|  1 | Engineering |
|  3 | Sales       |
+----+-------------+
```
サブクエリに集計関数を用いることもできる。以下のクエリでは給与が平均より高い従業員を取得している。
```
mysql> select * from employees
    -> where salary > (
    ->     select avg(salary) from employees
    -> );
+----+------+---------------+----------+------------+
| id | name | department_id | salary   | hire_date  |
+----+------+---------------+----------+------------+
|  2 | Bob  |             1 | 75000.00 | 2018-03-15 |
+----+------+---------------+----------+------------+
```
サブクエリの返す値のすべてと比較したい場合は`ALL`を用いることができる。以下のクエリではEngineering部門の所属のどの従業員よりも給料が高い従業員を取得している(だれもいなかった;;)。
```
mysql> select * from employees
    -> where salary > all(
    ->     select salary from employees
    ->     where department_id = (
    ->         select id from departments
    ->         where name = "Engineering"
    ->     )
    -> );
Empty set (0.00 sec)

-- 上のクエリは以下のクエリと同等。
mysql> select * from employees
    -> where salary > (
    ->     select max(salary) from employees
    ->     where department_id = (
    ->         select id from departments
    ->         where name = "Engineering"
    ->     )
    -> );
Empty set (0.01 sec)
```
サブクエリの返す値のいずれかと比較したい場合は`ALL`を用いることができる。
```
mysql> select * from employees
    -> where salary > any(
    ->     select salary from employees
    ->     where department_id = (
    ->         select id from departments
    ->         where name = "Engineering"
    ->     )
    -> );
+----+------+---------------+----------+------------+
| id | name | department_id | salary   | hire_date  |
+----+------+---------------+----------+------------+
|  2 | Bob  |             1 | 75000.00 | 2018-03-15 |
+----+------+---------------+----------+------------+

-- 上のクエリは以下のクエリと同等。
mysql> select * from employees
    -> where salary > (
    ->     select min(salary) from employees
    ->     where department_id = (
    ->         select id from departments
    ->         where name = "Engineering"
    ->     )
    -> );
+----+------+---------------+----------+------------+
| id | name | department_id | salary   | hire_date  |
+----+------+---------------+----------+------------+
|  2 | Bob  |             1 | 75000.00 | 2018-03-15 |
+----+------+---------------+----------+------------+
```
`ALL`, `ANY`は`MIN`, `MAX`, `IN`(A = ANY(サブクエリ)とA IN (サブクエリ)は同等)で置き換え可能な場合が多い。そのため、使う場面は限られるが、「サブクエリが返す値のうち1つ以上より大きければよい」といった意図がある場合、そのままクエリに意図を表現でき、直感的にわかりやすくなる場合などに使われることがある。

`FROM`の中に`SELECT`を入れることで、`SELECT`で取得した結果に向けて`SELCET`で問い合わせることもできる。これは`GROUP BY`と用いられることが多い。以下のクエリでは部門ごとの平均給与を計算し、その中の最大値を取得している。
```
mysql> select max(tmp.avg_salary) as "部門ごとの平均給与の最大値"
    -> from (
    ->     select department_id, avg(salary) as avg_salary from employees
    ->     group by department_id
    ->     ) as tmp;
+-----------------------------------------+
| 部門ごとの平均給与の最大値              |
+-----------------------------------------+
|                            67500.000000 |
+-----------------------------------------+

-- 以下のように構成していくとわかりやすい
-- 部門ごとの平均給与を計算
mysql> select department_id, avg(salary) as avg_salary from employees
    -> group by department_id;
+---------------+--------------+
| department_id | avg_salary   |
+---------------+--------------+
|             1 | 67500.000000 |
|             2 | 50000.000000 |
|             3 | 55000.000000 |
+---------------+--------------+

-- 上のクエリをそのままfromの中に入れて,アクセスできるよう別名を付けてから最大値を計算。
mysql> select max(tmp.avg_salary) as "部門ごとの平均給与の最大値"
    -> from (
    ->     select department_id, avg(salary) as avg_salary from employees
    ->     group by department_id
    ->     ) as tmp;
+-----------------------------------------+
| 部門ごとの平均給与の最大値              |
+-----------------------------------------+
|                            67500.000000 |
+-----------------------------------------+
```
あるテーブルの特定の列や集計結果を追加したい場合は`SELECT`内でサブクエリを使用することで実現できる。以下のクエリでは名前と部門名と取得している。カラムを追加することになるので、サブクエリの中は単一の値を返すようなものでなければならない。`e.department_id`が与えられると、それに対して1つ値を返すようなサブクエリ()になっている。
```
mysql> select name,
    -> (
    ->     select d.name from departments as d
    ->     where d.id = e.department_id
    -> ) as department_name
    -> from employees as e;
+---------+-----------------+
| name    | department_name |
+---------+-----------------+
| Alice   | Engineering     |
| Bob     | Engineering     |
| Charlie | HR              |
| David   | Sales           |
+---------+-----------------+

-- 以下のように考える
-- nameとdepartment_idを取得
mysql> select name, department_id from employees;
+---------+---------------+
| name    | department_id |
+---------+---------------+
| Alice   |             1 |
| Bob     |             1 |
| Charlie |             2 |
| David   |             3 |
+---------+---------------+

-- department_id(今回は1)が与えられるとnameが一つ返るクエリを構成
mysql> select name from departments
    -> where id = 1;
+-------------+
| name        |
+-------------+
| Engineering |
+-------------+

-- department_idをサブクエリに置き換える
mysql> select name,
    -> (
    ->     select d.name from departments as d
    ->     where d.id = e.department_id
    -> ) as department_name
    -> from employees as e;
+---------+-----------------+
| name    | department_name |
+---------+-----------------+
| Alice   | Engineering     |
| Bob     | Engineering     |
| Charlie | HR              |
| David   | Sales           |
+---------+-----------------+
```
集計関数と共に用いることもできる。
```
mysql> select name,
    -> (
    ->     select d.name from departments as d
    ->     where d.id = e.department_id
    -> ) as "所属部門",
    -> (
    ->     select avg(salary) from employees as e2
    ->     where e.department_id = e2.department_id
    -> ) as "所属部門の平均給与"
    -> from employees as e;
+---------+--------------+-----------------------------+
| name    | 所属部門     | 所属部門の平均給与          |
+---------+--------------+-----------------------------+
| Alice   | Engineering  |                67500.000000 |
| Bob     | Engineering  |                67500.000000 |
| Charlie | HR           |                50000.000000 |
| David   | Sales        |                55000.000000 |
+---------+--------------+-----------------------------+
```
ただし、このパターンは`JOIN`(<置換予定>)と`GROUP BY`で書いた方がわかりやすいケースやパフォーマンスが向上するケースが多い。既に大きなクエリがあり、そのロジックを大きく変えずにカラムを追加したい、このパターンのほうが直感的であるなど、明確なメリットが見つからない限りは使用は見送った方がよい。

サブクエリに`CASE`を使うこともできる。以下のクエリでは所属する部門の平均給与以上の給与である場合はHigh Salary、そうでない場合はNormal Salaryと表示される。
```
mysql> select e.name, e.salary,
    ->     (
    ->         select d.name from departments as d
    ->         where d.id = e.department_id
    ->     ) as "所属部門",
    ->     (
    ->         select avg(salary) from employees as e2
    ->         where e.department_id = e2.department_id
    ->     ) as "所属部門の平均給与",
    ->     case
    ->         when e.salary >= (select AVG(salary) from employees where department_id = e.department_id)
    ->         then 'High Salary'
    ->         else 'Normal Salary'
    ->     end as salary_status
    -> from employees as e;
+---------+----------+--------------+-----------------------------+---------------+
| name    | salary   | 所属部門     | 所属部門の平均給与          | salary_status |
+---------+----------+--------------+-----------------------------+---------------+
| Alice   | 60000.00 | Engineering  |                67500.000000 | Normal Salary |
| Bob     | 75000.00 | Engineering  |                67500.000000 | High Salary   |
| Charlie | 50000.00 | HR           |                50000.000000 | High Salary   |
| David   | 55000.00 | Sales        |                55000.000000 | High Salary   |
+---------+----------+--------------+-----------------------------+---------------+
```